// Vitest Snapshot v1, https://vitest.dev/guide/snapshot.html

exports[`DeletionConfirmationModal > render > should render the modal 1`] = `
"<div class="absolute w-screen h-screen top-0 left-0 bg-gray-900/40 z-60">
  <div class="w-full h-full flex flex-col justify-center items-center p-8">
    <div class="bg-gray-800 rounded-lg p-4 shadow-xl w-1/2">
      <div class="flex flex-col w-full h-full gap-4">
        <div class="h-1/2 text-xl font-bold flex justify-between items-start">
          <p>Êtes-vous sûr de vouloir supprimer cette tâche ?</p>
        </div>
        <div class="h-1/2 w-full flex gap-4 items-center justify-end"><button id="cancelButton" class="bg-gray-700 hover:bg-gray-600 rounded-lg text-lg font-bold p-2 text-white w-1/2 hover:cursor-pointer">Annuler</button><button id="confirmButton" class="bg-red-700 hover:bg-red-600 rounded-lg text-lg font-bold p-2 text-white w-1/2 hover:cursor-pointer">Supprimer</button></div>
      </div>
    </div>
  </div>
</div>"
`;
