// Vitest Snapshot v1, https://vitest.dev/guide/snapshot.html

exports[`should render the button 1`] = `"<div class="absolute right-8 bottom-8"><button class="rounded-full bg-gray-800 border-gray-700 hover:bg-gray-700 hover:cursor-pointer text-white text-5xl font-bold px-3 pb-3"> + </button></div>"`;
